taymi@DESKTOP-MT44QDJ MINGW64 ~
$ cd Documents

taymi@DESKTOP-MT44QDJ MINGW64 ~/Documents
$ cd ls
bash: cd: ls: No such file or directory

taymi@DESKTOP-MT44QDJ MINGW64 ~/Documents
$ ls
'My Games'/  'My Pictures'@   fall2021-webdesign-eduardo/   my-app-project/
'My Music'@  'My Videos'@     fall2021-webdesign-taylor/

taymi@DESKTOP-MT44QDJ MINGW64 ~/Documents
$ cd fall-webdesign-taylor
bash: cd: fall-webdesign-taylor: No such file or directory

taymi@DESKTOP-MT44QDJ MINGW64 ~/Documents
$ cd fall2021-webdesign-taylor

taymi@DESKTOP-MT44QDJ MINGW64 ~/Documents/fall2021-webdesign-taylor (main)
$ ls
assignments/  handouts/  homework/  projects/

taymi@DESKTOP-MT44QDJ MINGW64 ~/Documents/fall2021-webdesign-taylor (main)
$ cd homework

taymi@DESKTOP-MT44QDJ MINGW64 ~/Documents/fall2021-webdesign-taylor/homework (main)
$ touch homework1-2.txt

taymi@DESKTOP-MT44QDJ MINGW64 ~/Documents/fall2021-webdesign-taylor/homework (main)
$ ^C

taymi@DESKTOP-MT44QDJ MINGW64 ~/Documents/fall2021-webdesign-taylor/homework (main)
$
